// Jest Snapshot v1, https://goo.gl/fbAQLP

exports[`ListingsLatest Container should be rendered correctly 1`] = `<Memo(ConnectFunction) />`;
