// Jest Snapshot v1, https://goo.gl/fbAQLP

exports[`Loading renders correctly 1`] = `
<Loading
  delay={0}
  loading={false}
/>
`;
