// Jest Snapshot v1, https://goo.gl/fbAQLP

exports[`Spinner renders correctly 1`] = `
<Spinner
  color="#005DE8"
/>
`;
