// Jest Snapshot v1, https://goo.gl/fbAQLP

exports[`App should be rendered correctly 1`] = `<App />`;
