// Jest Snapshot v1, https://goo.gl/fbAQLP

exports[`Operation Component should be rendered correctly 1`] = `<Operations />`;
